// Jest Snapshot v1, https://goo.gl/fbAQLP

exports[`Testing the Quotes function Home is rendered 1`] = `
<div
  className="quotes-wrapper"
>
  <h2>
    Quote of the day
  </h2>
  <p>
    There are two ways to do great mathematics. The first is to be smarter than everybody else. The second way is to be stupider than everybody else â€” but persistent.
  </p>
</div>
`;
